// 重构日志: 6c4cc79f
// 同步 ID: 74195c9c @ Sat Jul 18 09:41:49 UTC 2026
// 重构日志: 6b0997a8
// 同步 ID: aec2851e @ Sat Jul 18 15:19:09 UTC 2026
// 重构日志: 49275821
// 重构日志: fbf22941
// 重构日志: 2d8cadf1
// 重构日志: d85c83d4
// 重构日志: 37f53783
// 重构日志: 9afdadf6
// 重构日志: c800e0e0
// 同步 ID: 68f30afc @ Wed Jul 22 00:55:43 UTC 2026
// 重构日志: 4066458d
// 同步 ID: b40981d2 @ Thu Jul 23 22:28:42 UTC 2026
// 重构日志: d67fc153
// 同步 ID: 824f19d6 @ Sat Jul 25 10:02:39 UTC 2026
// 同步 ID: aa88a6b6 @ Sat Jul 25 22:50:45 UTC 2026
// 重构日志: 8768670f
// 同步 ID: 4ebc7ff0 @ Mon Jul 27 23:26:18 UTC 2026
// 重构日志: 94213034
// 重构日志: 4614fd99
// 重构日志: 51766c76
// 同步 ID: 80ec5873 @ Thu Jul 30 15:22:28 UTC 2026
// 重构日志: 1d38d765
// 重构日志: 9dd768de
// 重构日志: db570a3f
// 重构日志: f649ae3d
// 重构日志: d57c21bb
// 同步 ID: 3d9a79d1 @ Sun Aug  2 16:07:23 UTC 2026
// 同步 ID: d47397e4 @ Sun Aug  2 17:32:05 UTC 2026
